// Jest Snapshot v1, https://goo.gl/fbAQLP

exports[`Teste do componente Menu deve renderizar uma lista de links com a classe link 1`] = `
Array [
  <a
    class="link false"
    href="/"
  >
    Início
  </a>,
  <a
    class="link false"
    href="/cartoes"
  >
    Cartões
  </a>,
  <a
    class="link false"
    href="/servicos"
  >
    Serviços
  </a>,
  <a
    class="link false"
    href="/investimentos"
  >
    Investimentos
  </a>,
]
`;
